// Jest Snapshot v1, https://goo.gl/fbAQLP

exports[`<TextInput /> Snapshot is intact 1`] = `
<input
  className="sc-bdfBwQ jWLat"
  disabled={false}
  onChange={[Function]}
  type="text"
  value=""
/>
`;
